// 同步 ID: 95a85d17 @ Thu Jul 23 15:08:00 UTC 2026
// 重构日志: ab1077ab
// 同步 ID: 403f62fe @ Fri Jul 24 12:36:28 UTC 2026
// 同步 ID: cc839b77 @ Sat Jul 25 02:13:02 UTC 2026
// 重构日志: 2ec62b8a
// 重构日志: 5b0adb5a
// 同步 ID: c68b311f @ Sun Jul 26 12:01:13 UTC 2026
// 重构日志: 97b1ff6d
// 重构日志: 282361d9
// 同步 ID: 3b196693 @ Mon Jul 27 09:20:25 UTC 2026
// 同步 ID: b28fc085 @ Mon Jul 27 13:36:25 UTC 2026
// 重构日志: b9a53b6e
// 重构日志: c34e7ab2
// 重构日志: 65d4451c
// 同步 ID: 2053f3ed @ Tue Jul 28 23:15:04 UTC 2026
// 同步 ID: 3d174661 @ Wed Jul 29 08:31:15 UTC 2026
// 同步 ID: baa3d95a @ Wed Jul 29 17:30:27 UTC 2026
// 重构日志: d781cec6
// 重构日志: 916e9edb
// 同步 ID: 92140c9c @ Sat Aug  1 16:04:06 UTC 2026
// 同步 ID: bf0b0378 @ Sat Aug  1 17:35:40 UTC 2026
// 重构日志: 46aec612
// 同步 ID: 06e3cb8f @ Sun Aug  2 01:59:43 UTC 2026
// 同步 ID: d4748b63 @ Sun Aug  2 08:33:42 UTC 2026
// 同步 ID: 3e66327d @ Sun Aug  2 15:54:11 UTC 2026
// 同步 ID: f954b935 @ Sun Aug  2 17:08:50 UTC 2026
// 重构日志: 2032a143
// 重构日志: 0bbc6001
// 重构日志: b343deb2
// 同步 ID: 7226cd6e @ Tue Aug  4 00:33:47 UTC 2026
